[assembly: System.Reflection.AssemblyMetadata("RepositoryUrl", "")]
[assembly: System.Runtime.Versioning.TargetFramework(".NETStandard,Version=v2.0", FrameworkDisplayName="")]
namespace NServiceBus.AttributeRouting
{
    public class AttributeRoutingFeature : NServiceBus.Features.Feature
    {
        public AttributeRoutingFeature() { }
        protected override void Setup(NServiceBus.Features.FeatureConfigurationContext context) { }
    }
}
namespace NServiceBus
{
    public static class RoutingSettingsExtensions
    {
        public static void UseAttributeRouting(this NServiceBus.EndpointConfiguration endpointConfiguration) { }
    }
}